<html>
<body>
<pre>
<h1>µVision Build Log</h1>
<h2>Project:</h2>
C:\Users\NUC\Desktop\Potentiometer_Leds\MDK-ARM\Potentiometer_Leds.uvproj
Project File Date:  03/14/2022

<h2>Output:</h2>
Rebuild target 'Potentiometer_Leds'
assembling startup_stm32l073xx.s...
compiling main.c...
compiling stm32l0xx_it.c...
compiling stm32l0xx_hal_msp.c...
compiling stm32l0xx_hal_adc.c...
compiling stm32l0xx_hal_adc_ex.c...
compiling stm32l0xx_hal.c...
compiling stm32l0xx_hal_i2c.c...
compiling stm32l0xx_hal_i2c_ex.c...
compiling stm32l0xx_hal_rcc.c...
compiling stm32l0xx_hal_rcc_ex.c...
compiling stm32l0xx_hal_flash_ramfunc.c...
compiling stm32l0xx_hal_flash.c...
compiling stm32l0xx_hal_flash_ex.c...
compiling stm32l0xx_hal_gpio.c...
compiling stm32l0xx_hal_dma.c...
compiling stm32l0xx_hal_pwr.c...
compiling stm32l0xx_hal_pwr_ex.c...
compiling stm32l0xx_hal_cortex.c...
compiling stm32l0xx_hal_tim.c...
compiling stm32l0xx_hal_tim_ex.c...
compiling stm32l0xx_hal_uart.c...
compiling stm32l0xx_hal_uart_ex.c...
compiling system_stm32l0xx.c...
linking...
Program Size: Code=7652 RO-data=260 RW-data=24 ZI-data=3368  
FromELF: creating hex file...
"Potentiometer_Leds\Potentiometer_Leds.axf" - 0 Error(s), 0 Warning(s).
</pre>
</body>
</html>
